node.exe : [PRISMA] DATABASE_URL is missing!
At line:1 char:1
+ & "C:\Program Files\nodejs/node.exe" "C:\Users\saqib\AppData\Roaming\ ...
+ ~~~~~~~~~~~~~~~~~~~~~~~~~~~~~~~~~~~~~~~~~~~~~~~~~~~~~~~~~~~~~~~~~~~~~
    + CategoryInfo          : NotSpecified: ([PRISMA] DATABASE_URL is missing!:String) [], RemoteException
    + FullyQualifiedErrorId : NativeCommandError
 
Fetching all users and roles...
prisma:error SASL: SCRAM-SERVER-FIRST-MESSAGE: client password must be a string
Prisma test failed: Error: SASL: SCRAM-SERVER-FIRST-MESSAGE: client password must be a string
    at D:\Business\Revotic AI Pvt Ltd\Development\Under Developing\Revotic AI Development\Revotic AI 
Development\Bi\work-platform\node_modules\pg-pool\index.js:45:11
    at process.processTicksAndRejections (node:internal/process/task_queues:104:5)
    at async PrismaPgAdapter.performIO (D:\Business\Revotic AI Pvt Ltd\Development\Under Developing\Revotic AI 
Development\Revotic AI Development\Bi\work-platform\node_modules\@prisma\adapter-pg\dist\index.js:652:22)
    at async PrismaPgAdapter.queryRaw (D:\Business\Revotic AI Pvt Ltd\Development\Under Developing\Revotic AI 
Development\Revotic AI Development\Bi\work-platform\node_modules\@prisma\adapter-pg\dist\index.js:602:30)
    at async e.interpretNode (D:\Business\Revotic AI Pvt Ltd\Development\Under Developing\Revotic AI 
Development\Revotic AI 
Development\Bi\work-platform\node_modules\@prisma\client-engine-runtime\src\interpreter\query-interpreter.ts:186:26)
    at async e.interpretNode (D:\Business\Revotic AI Pvt Ltd\Development\Under Developing\Revotic AI 
Development\Revotic AI 
Development\Bi\work-platform\node_modules\@prisma\client-engine-runtime\src\interpreter\query-interpreter.ts:272:41)
    at async e.run (D:\Business\Revotic AI Pvt Ltd\Development\Under Developing\Revotic AI Development\Revotic AI 
Development\Bi\work-platform\node_modules\@prisma\client-engine-runtime\src\interpreter\query-interpreter.ts:94:23)
    at async e.execute (D:\Business\Revotic AI Pvt Ltd\Development\Under Developing\Revotic AI Development\Revotic AI 
Development\Bi\work-platform\node_modules\@prisma\client\src\runtime\core\engines\client\LocalExecutor.ts:81:12)
    at async jt.request (D:\Business\Revotic AI Pvt Ltd\Development\Under Developing\Revotic AI Development\Revotic AI 
Development\Bi\work-platform\node_modules\@prisma\client\src\runtime\core\engines\client\ClientEngine.ts:492:22)
    at async Object.singleLoader (D:\Business\Revotic AI Pvt Ltd\Development\Under Developing\Revotic AI 
Development\Revotic AI Development\Bi\work-platform\node_modules\@prisma\client\src\runtime\RequestHandler.ts:112:26) {
  clientVersion: '7.5.0'
}
